-- Using sccache: C:/Users/Ryan/Desktop/Ryan/Rev/tools/sccache-wrapper.cmd
-- Running vcpkg install
Detecting compiler hash for triplet x64-windows...
Compiler found: C:/Program Files/Microsoft Visual Studio/18/Community/VC/Tools/MSVC/14.50.35717/bin/Hostx64/x64/cl.exe
The following packages are already installed:
  * brotli:x64-windows@1.2.0
  * bzip2[core,tool]:x64-windows@1.0.8#6
  * egl-registry:x64-windows@2025-05-27
  * freetype[core,zlib,png,bzip2,brotli]:x64-windows@2.14.3
  * libpng:x64-windows@1.6.58
    opencascade[core,freetype]:x64-windows@7.9.3#1
  * opengl:x64-windows@2022-12-04#3
  * opengl-registry:x64-windows@2026-01-26
  * vcpkg-cmake:x64-windows@2024-04-23
  * vcpkg-cmake-config:x64-windows@2024-05-23
  * zlib:x64-windows@1.3.2
opencascade provides CMake targets:

  # this is heuristically generated, and may not be correct
  find_package(OpenCASCADE CONFIG REQUIRED)
  # note: 45 additional targets are not displayed.
  target_link_libraries(main PRIVATE TKBO TKDE TKBin TKCAF)

All requested installations completed successfully in: 323 us
-- Running vcpkg install - done
-- Configuring done (4.4s)
-- Generating done (0.1s)
-- Build files have been written to: C:/Users/Ryan/Desktop/Ryan/Rev/build
