[1/3] Transpiling: 165 changed, 0 reused (-j8)...
  [  1/165] XPP C:/Users/Ryan/Desktop/Ryan/Rev/Rev/Resources/.modules/Files.ixx
  [  2/165] XPP C:/Users/Ryan/Desktop/Ryan/Rev/Rev/external/glm/detail/glm.cpp
  [  3/165] XPP C:/Users/Ryan/Desktop/Ryan/Rev/Rev/src/Core/Animator.ixx
  [  4/165] XPP C:/Users/Ryan/Desktop/Ryan/Rev/Rev/src/Core/Color.ixx
  [  5/165] XPP C:/Users/Ryan/Desktop/Ryan/Rev/Rev/src/Core/DirtyFlag.ixx
  [  6/165] XPP C:/Users/Ryan/Desktop/Ryan/Rev/Rev/src/Core/Dispatcher.ixx
  [  7/165] XPP C:/Users/Ryan/Desktop/Ryan/Rev/Rev/src/Core/Font.ixx
  [  8/165] XPP C:/Users/Ryan/Desktop/Ryan/Rev/Rev/src/Core/FontAtlas.ixx
  [  9/165] XPP C:/Users/Ryan/Desktop/Ryan/Rev/Rev/src/Core/Geometry/D3/Pos3.ixx
  [ 10/165] XPP C:/Users/Ryan/Desktop/Ryan/Rev/Rev/src/Core/Geometry/Pos.ixx
  [ 11/165] XPP C:/Users/Ryan/Desktop/Ryan/Rev/Rev/src/Core/Line.ixx
  [ 12/165] XPP C:/Users/Ryan/Desktop/Ryan/Rev/Rev/src/Core/Lrtb.ixx
  [ 13/165] XPP C:/Users/Ryan/Desktop/Ryan/Rev/Rev/src/Core/Observable.ixx
  [ 14/165] XPP C:/Users/Ryan/Desktop/Ryan/Rev/Rev/src/Core/Process.ixx
  [ 15/165] XPP C:/Users/Ryan/Desktop/Ryan/Rev/Rev/src/Core/Rect.ixx
  [ 16/165] XPP C:/Users/Ryan/Desktop/Ryan/Rev/Rev/src/Core/Resource.ixx
  [ 17/165] XPP C:/Users/Ryan/Desktop/Ryan/Rev/Rev/src/Core/Shared.ixx
  [ 18/165] XPP C:/Users/Ryan/Desktop/Ryan/Rev/Rev/src/Core/Svg.ixx
  [ 19/165] XPP C:/Users/Ryan/Desktop/Ryan/Rev/Rev/src/Core/Transform.ixx
  [ 20/165] XPP C:/Users/Ryan/Desktop/Ryan/Rev/Rev/src/Core/Vertex.ixx
  [ 21/165] XPP C:/Users/Ryan/Desktop/Ryan/Rev/Rev/src/Core/Vertex3.ixx
  [ 22/165] XPP C:/Users/Ryan/Desktop/Ryan/Rev/Rev/src/Core/View.ixx
  [ 23/165] XPP C:/Users/Ryan/Desktop/Ryan/Rev/Rev/src/Element/Element.ixx
  [ 24/165] XPP C:/Users/Ryan/Desktop/Ryan/Rev/Rev/src/Element/Event/Event.ixx
  [ 25/165] XPP C:/Users/Ryan/Desktop/Ryan/Rev/Rev/src/Element/Event/GestureTracker.ixx
  [ 26/165] XPP C:/Users/Ryan/Desktop/Ryan/Rev/Rev/src/Element/Resolved.ixx
  [ 27/165] XPP C:/Users/Ryan/Desktop/Ryan/Rev/Rev/src/Element/Style/Style.ixx
  [ 28/165] XPP C:/Users/Ryan/Desktop/Ryan/Rev/Rev/src/Element/Style/Themes/Default.ixx
  [ 29/165] XPP C:/Users/Ryan/Desktop/Ryan/Rev/Rev/src/Elements/Box.ixx
  [ 30/165] XPP C:/Users/Ryan/Desktop/Ryan/Rev/Rev/src/Elements/Controls/Button/Button.ixx
  [ 31/165] XPP C:/Users/Ryan/Desktop/Ryan/Rev/Rev/src/Elements/Controls/Checkbox/Checkbox.ixx
  [ 32/165] XPP C:/Users/Ryan/Desktop/Ryan/Rev/Rev/src/Elements/Controls/Collapsible/Collapsible.ixx
  [ 33/165] XPP C:/Users/Ryan/Desktop/Ryan/Rev/Rev/src/Elements/Controls/ControlTheme.ixx
  [ 34/165] XPP C:/Users/Ryan/Desktop/Ryan/Rev/Rev/src/Elements/Controls/Dropdown/Dropdown.ixx
  [ 35/165] XPP C:/Users/Ryan/Desktop/Ryan/Rev/Rev/src/Elements/Controls/NumberInput/NumberInput.ixx
  [ 36/165] XPP C:/Users/Ryan/Desktop/Ryan/Rev/Rev/src/Elements/Controls/Radio/Radio.ixx
  [ 37/165] XPP C:/Users/Ryan/Desktop/Ryan/Rev/Rev/src/Elements/Controls/Slider/Slider.ixx
  [ 38/165] XPP C:/Users/Ryan/Desktop/Ryan/Rev/Rev/src/Elements/Controls/TextInput/TextInput.ixx
  [ 39/165] XPP C:/Users/Ryan/Desktop/Ryan/Rev/Rev/src/Elements/Display/Chart.ixx
  [ 40/165] XPP C:/Users/Ryan/Desktop/Ryan/Rev/Rev/src/Elements/Display/View3D/Actor3d.ixx
  [ 41/165] XPP C:/Users/Ryan/Desktop/Ryan/Rev/Rev/src/Elements/Display/View3D/Camera3d.ixx
  [ 42/165] XPP C:/Users/Ryan/Desktop/Ryan/Rev/Rev/src/Elements/Display/View3D/View3D.ixx
  [ 43/165] XPP C:/Users/Ryan/Desktop/Ryan/Rev/Rev/src/Elements/Svg.ixx
  [ 44/165] XPP C:/Users/Ryan/Desktop/Ryan/Rev/Rev/src/Elements/Text.ixx
  [ 45/165] XPP C:/Users/Ryan/Desktop/Ryan/Rev/Rev/src/GlobalTime.ixx
  [ 46/165] XPP C:/Users/Ryan/Desktop/Ryan/Rev/Rev/src/Graphics/OpenGL/Canvas.OpenGL.ixx
  [ 47/165] XPP C:/Users/Ryan/Desktop/Ryan/Rev/Rev/src/Graphics/OpenGL/CommandBuffer.OpenGL.ixx
  [ 48/165] XPP C:/Users/Ryan/Desktop/Ryan/Rev/Rev/src/Graphics/OpenGL/FrameBuffer.OpenGL.ixx
  [ 49/165] XPP C:/Users/Ryan/Desktop/Ryan/Rev/Rev/src/Graphics/OpenGL/Pipeline.OpenGL.ixx
  [ 50/165] XPP C:/Users/Ryan/Desktop/Ryan/Rev/Rev/src/Graphics/OpenGL/Shader.OpenGL.ixx
  [ 51/165] XPP C:/Users/Ryan/Desktop/Ryan/Rev/Rev/src/Graphics/OpenGL/Texture.OpenGL.ixx
  [ 52/165] XPP C:/Users/Ryan/Desktop/Ryan/Rev/Rev/src/Graphics/OpenGL/TextureBuffer.OpenGL.ixx
  [ 53/165] XPP C:/Users/Ryan/Desktop/Ryan/Rev/Rev/src/Graphics/OpenGL/UniformBuffer.OpenGL.ixx
